[14:34:43] P1 c1-seed 1: 1720 test anchors, 86 train / 14 val Boston scenes
[14:34:48] baselines: 4.476820468902588 / C3 mean path L2@3s 9.251
[14:34:51] isolated: loaded C2
[14:35:18] isolated/noego: loaded C3
[14:35:24] isolated/noego: iso L2@3s 11.952 | c1_old_s1 12.203 c1_new_s1 12.380 c1_old_s0 12.548 | delta3 +0.177 noise +0.345 | obj-use 2.98 | exact True
[14:35:24] isolated/ego: loaded C3
[14:35:30] isolated/ego: iso L2@3s 3.821 | c1_old_s1 4.007 c1_new_s1 4.028 c1_old_s0 3.989 | delta3 +0.021 noise -0.018 | obj-use 1.51 | exact True
[14:35:30] isolated: C2 iso minADE 0.771 | c1_old_s1 2.946 c1_new_s1 2.775 c1_old_s0 2.887 | delta2 -0.170 noise -0.059
[14:35:34] old_pipeline: training C2 on det:c1_old_s1: 2963 train / 482 val anchors
[14:35:43]   C2 epoch   0  train minADE 4.570  val minADE 3.603  *
[14:35:51]   C2 epoch   1  train minADE 3.235  val minADE 2.974  *
[14:35:59]   C2 epoch   2  train minADE 2.791  val minADE 2.498  *
[14:36:06]   C2 epoch   3  train minADE 2.697  val minADE 2.329  *
[14:36:23]   C2 epoch   5  train minADE 2.530  val minADE 2.337
[14:36:39]   C2 epoch   7  train minADE 2.415  val minADE 2.305  *
[14:36:47]   C2 epoch   8  train minADE 2.375  val minADE 2.299  *
[14:36:55]   C2 epoch   9  train minADE 2.376  val minADE 2.293  *
[14:37:03]   C2 epoch  10  train minADE 2.311  val minADE 2.237  *
[14:37:11]   C2 epoch  11  train minADE 2.285  val minADE 2.197  *
[14:37:19]   C2 epoch  12  train minADE 2.272  val minADE 2.175  *
[14:37:42]   C2 epoch  15  train minADE 2.182  val minADE 2.190
[14:38:22]   C2 epoch  20  train minADE 2.077  val minADE 2.246
[14:38:22]   C2 early stop at epoch 20, best val minADE 2.175
[14:38:22] old_pipeline: C2 done in 168s, best val minADE 2.175
[14:39:44] old_pipeline/noego: training C3
[14:39:46]   C3 epoch   0  train L2@3s 8.985  val L2@3s 9.037  *
[14:39:48]   C3 epoch   1  train L2@3s 8.704  val L2@3s 8.424  *
[14:39:56]   C3 epoch   5  train L2@3s 7.759  val L2@3s 8.165  *
[14:40:06]   C3 epoch  10  train L2@3s 7.051  val L2@3s 8.807
[14:40:10]   C3 epoch  12  train L2@3s 6.987  val L2@3s 7.915  *
[14:40:16]   C3 epoch  15  train L2@3s 7.020  val L2@3s 8.178
[14:40:22]   C3 epoch  18  train L2@3s 6.714  val L2@3s 7.878  *
[14:40:26]   C3 epoch  20  train L2@3s 6.607  val L2@3s 8.624
[14:40:36]   C3 epoch  25  train L2@3s 6.383  val L2@3s 8.292
[14:40:42]   C3 early stop at epoch 28, best val L2@3s 7.878
[14:40:42] old_pipeline/noego: C3 done in 58s, best val L2@3s 7.878
[14:40:48] old_pipeline/noego: iso L2@3s 9.255 | c1_old_s1 10.370 c1_new_s1 10.518 c1_old_s0 10.824 | delta3 +0.148 noise +0.454 | obj-use 6.19 | exact True
[14:40:48] old_pipeline/ego: training C3
[14:40:50]   C3 epoch   0  train L2@3s 9.072  val L2@3s 8.903  *
[14:40:52]   C3 epoch   1  train L2@3s 6.310  val L2@3s 3.597  *
[14:40:54]   C3 epoch   2  train L2@3s 3.741  val L2@3s 3.297  *
[14:41:00]   C3 epoch   5  train L2@3s 3.165  val L2@3s 3.424
[14:41:06]   C3 epoch   8  train L2@3s 3.012  val L2@3s 3.205  *
[14:41:10]   C3 epoch  10  train L2@3s 2.864  val L2@3s 2.908  *
[14:41:20]   C3 epoch  15  train L2@3s 2.667  val L2@3s 2.879  *
[14:41:30]   C3 epoch  20  train L2@3s 2.674  val L2@3s 3.400
[14:41:34]   C3 epoch  22  train L2@3s 2.581  val L2@3s 2.840  *
[14:41:41]   C3 epoch  25  train L2@3s 2.478  val L2@3s 2.844
[14:41:51]   C3 epoch  30  train L2@3s 2.507  val L2@3s 2.909
[14:41:55]   C3 early stop at epoch 32, best val L2@3s 2.840
[14:41:55] old_pipeline/ego: C3 done in 68s, best val L2@3s 2.840
[14:42:01] old_pipeline/ego: iso L2@3s 3.867 | c1_old_s1 4.000 c1_new_s1 4.000 c1_old_s0 4.002 | delta3 -0.001 noise +0.001 | obj-use 1.65 | exact True
[14:42:01] old_pipeline: C2 iso minADE 2.472 | c1_old_s1 2.660 c1_new_s1 2.606 c1_old_s0 2.562 | delta2 -0.054 noise -0.098
[14:42:05] new_pipeline: training C2 on det:c1_new_s1: 2963 train / 482 val anchors
[14:42:12]   C2 epoch   0  train minADE 4.945  val minADE 4.066  *
[14:42:18]   C2 epoch   1  train minADE 3.518  val minADE 2.931  *
[14:42:25]   C2 epoch   2  train minADE 2.927  val minADE 2.641  *
[14:42:32]   C2 epoch   3  train minADE 2.817  val minADE 2.598  *
[14:42:39]   C2 epoch   4  train minADE 2.688  val minADE 2.403  *
[14:42:46]   C2 epoch   5  train minADE 2.599  val minADE 2.414
[14:43:05]   C2 epoch   8  train minADE 2.438  val minADE 2.395  *
[14:43:18]   C2 epoch  10  train minADE 2.372  val minADE 2.429
[14:43:30]   C2 epoch  12  train minADE 2.319  val minADE 2.386  *
[14:43:50]   C2 epoch  15  train minADE 2.255  val minADE 2.391
[14:43:57]   C2 epoch  16  train minADE 2.253  val minADE 2.382  *
[14:44:17]   C2 epoch  19  train minADE 2.169  val minADE 2.374  *
[14:44:23]   C2 epoch  20  train minADE 2.155  val minADE 2.379
[14:44:36]   C2 epoch  22  train minADE 2.107  val minADE 2.319  *
[14:44:56]   C2 epoch  25  train minADE 2.047  val minADE 2.360
[14:45:28]   C2 epoch  30  train minADE 1.997  val minADE 2.336
[14:45:28]   C2 early stop at epoch 30, best val minADE 2.319
[14:45:29] new_pipeline: C2 done in 203s, best val minADE 2.319
[14:46:33] new_pipeline/noego: training C3
[14:46:35]   C3 epoch   0  train L2@3s 9.164  val L2@3s 8.615  *
[14:46:37]   C3 epoch   1  train L2@3s 9.006  val L2@3s 8.427  *
[14:46:39]   C3 epoch   2  train L2@3s 8.785  val L2@3s 7.664  *
[14:46:45]   C3 epoch   5  train L2@3s 7.828  val L2@3s 7.751
[14:46:47]   C3 epoch   6  train L2@3s 7.689  val L2@3s 7.592  *
[14:46:55]   C3 epoch  10  train L2@3s 7.277  val L2@3s 7.944
[14:46:59]   C3 epoch  12  train L2@3s 7.174  val L2@3s 7.521  *
[14:47:05]   C3 epoch  15  train L2@3s 7.277  val L2@3s 8.119
[14:47:15]   C3 epoch  20  train L2@3s 6.974  val L2@3s 7.857
[14:47:19]   C3 early stop at epoch 22, best val L2@3s 7.521
[14:47:19] new_pipeline/noego: C3 done in 47s, best val L2@3s 7.521
[14:47:23] new_pipeline/noego: iso L2@3s 10.601 | c1_new_s1 9.959 | obj-use 4.07 | exact True
[14:47:23] new_pipeline/ego: training C3
[14:47:25]   C3 epoch   0  train L2@3s 9.246  val L2@3s 8.903  *
[14:47:27]   C3 epoch   1  train L2@3s 8.493  val L2@3s 3.778  *
[14:47:29]   C3 epoch   2  train L2@3s 3.675  val L2@3s 3.564  *
[14:47:31]   C3 epoch   3  train L2@3s 3.469  val L2@3s 3.253  *
[14:47:33]   C3 epoch   4  train L2@3s 3.275  val L2@3s 3.058  *
[14:47:35]   C3 epoch   5  train L2@3s 3.161  val L2@3s 3.152
[14:47:37]   C3 epoch   6  train L2@3s 3.075  val L2@3s 2.984  *
[14:47:39]   C3 epoch   7  train L2@3s 3.027  val L2@3s 2.962  *
[14:47:46]   C3 epoch  10  train L2@3s 2.886  val L2@3s 3.221
[14:47:54]   C3 epoch  14  train L2@3s 2.723  val L2@3s 2.826  *
[14:47:56]   C3 epoch  15  train L2@3s 2.625  val L2@3s 2.724  *
[14:48:06]   C3 epoch  20  train L2@3s 2.658  val L2@3s 2.982
[14:48:16]   C3 epoch  25  train L2@3s 2.524  val L2@3s 2.826
[14:48:16]   C3 early stop at epoch 25, best val L2@3s 2.724
[14:48:16] new_pipeline/ego: C3 done in 54s, best val L2@3s 2.724
[14:48:20] new_pipeline/ego: iso L2@3s 3.730 | c1_new_s1 3.697 | obj-use 0.84 | exact True
[14:48:20] new_pipeline: C2 iso minADE 2.194 | c1_new_s1 2.446
[14:48:20] DONE -> /kaggle/working/E1_new/results/stage1b/p1_c1s1_seed0.json
