[22:10:48] P1 c1-seed 0: 1720 test anchors
[22:10:49] isolated: training C2 on gt, 3445 anchors
[22:11:01]   C2 epoch   0  train minADE 2.637 m
[22:12:12]   C2 epoch  10  train minADE 1.390 m
[22:13:18]   C2 epoch  20  train minADE 1.118 m
[22:14:23]   C2 epoch  30  train minADE 0.897 m
[22:15:32]   C2 epoch  39  train minADE 0.846 m
[22:15:36]   C3 epoch   0  train L2@3s 9.088 m
[22:15:57]   C3 epoch  10  train L2@3s 5.537 m
[22:16:17]   C3 epoch  20  train L2@3s 4.214 m
[22:16:36]   C3 epoch  30  train L2@3s 3.152 m
[22:16:56]   C3 epoch  40  train L2@3s 2.502 m
[22:17:16]   C3 epoch  50  train L2@3s 2.215 m
[22:17:34]   C3 epoch  59  train L2@3s 2.123 m
[22:17:34] isolated: trained and saved in 405s
[22:17:39] isolated: {"object_use_iso_m": 8.6383056640625, "isolation_exact": true, "delta2_minADE": -0.16136510575491947, "delta3_L2@3s": -0.28052407211568564, "seed_noise_delta3_L2@3s": -0.47718906147861695, "seed_noise_delta2_minADE": 0.11808388416814442}
[22:17:40] old_pipeline: training C2 on det:c1_old_s0, 3445 anchors
[22:17:45]   C2 epoch   0  train minADE 4.430 m
[22:18:26]   C2 epoch  10  train minADE 3.051 m
[22:19:06]   C2 epoch  20  train minADE 2.409 m
[22:19:58]   C2 epoch  30  train minADE 2.016 m
[22:20:41]   C2 epoch  39  train minADE 1.944 m
[22:20:45]   C3 epoch   0  train L2@3s 9.093 m
[22:21:04]   C3 epoch  10  train L2@3s 6.345 m
[22:21:24]   C3 epoch  20  train L2@3s 5.627 m
[22:21:44]   C3 epoch  30  train L2@3s 4.923 m
[22:22:04]   C3 epoch  40  train L2@3s 4.366 m
[22:22:23]   C3 epoch  50  train L2@3s 4.046 m
[22:22:41]   C3 epoch  59  train L2@3s 3.953 m
[22:22:41] old_pipeline: trained and saved in 301s
[22:22:46] old_pipeline: {"object_use_iso_m": 6.5878190994262695, "isolation_exact": true, "delta2_minADE": -0.3070190026874462, "delta3_L2@3s": -0.09991905520176658, "seed_noise_delta3_L2@3s": -0.25317333252219854, "seed_noise_delta2_minADE": -0.018684917893879494}
[22:22:47] new_pipeline: training C2 on det:c1_new_s0, 3445 anchors
[22:22:51]   C2 epoch   0  train minADE 4.759 m
[22:23:27]   C2 epoch  10  train minADE 3.081 m
[22:24:03]   C2 epoch  20  train minADE 2.402 m
[22:24:52]   C2 epoch  30  train minADE 2.033 m
[22:25:35]   C2 epoch  39  train minADE 1.971 m
[22:25:40]   C3 epoch   0  train L2@3s 9.090 m
[22:26:03]   C3 epoch  10  train L2@3s 6.409 m
[22:26:26]   C3 epoch  20  train L2@3s 5.806 m
[22:26:48]   C3 epoch  30  train L2@3s 5.378 m
[22:27:08]   C3 epoch  40  train L2@3s 4.983 m
[22:27:28]   C3 epoch  50  train L2@3s 4.714 m
[22:27:46]   C3 epoch  59  train L2@3s 4.654 m
[22:27:46] new_pipeline: trained and saved in 300s
[22:27:49] new_pipeline: {"object_use_iso_m": 7.005465507507324, "isolation_exact": true}
[22:27:49] DONE -> /Users/rashedul/Documents/Lab work/experiments/E1_new/results/stage1/p1_c1s0_seed0.json
